// Jest Snapshot v1, https://goo.gl/fbAQLP

exports[`should match the snapshot 1`] = `
<RNCSafeAreaView
  style={
    Array [
      Object {
        "flex": 1,
        "width": "100%",
      },
      undefined,
    ]
  }
>
  <View />
</RNCSafeAreaView>
`;
